2026-05-23 22:25:53.181 | INFO     | src.logger:log_action:22 - [4e84abd6-803c-4cf3-ad37-c6d590c2b108] Génération Plan  - ❌ FAILED (4.05s)
2026-05-23 22:32:34.866 | INFO     | src.logger:log_action:22 - [9340fa31-d0b4-46bc-9c5a-4cf532845340] Génération Plan  - ❌ FAILED (4.00s)
2026-05-23 22:32:43.680 | INFO     | src.logger:log_action:22 - [9340fa31-d0b4-46bc-9c5a-4cf532845340] Génération Plan  - ❌ FAILED (4.00s)
2026-05-23 22:32:55.265 | INFO     | src.logger:log_action:22 - [9340fa31-d0b4-46bc-9c5a-4cf532845340] Génération Plan  - ❌ FAILED (4.00s)
2026-05-24 04:06:02.802 | INFO     | src.logger:log_action:22 - [c849d256-f39d-4cec-98b6-123bfeaba241] Génération Plan - ❌ FAILED (6.61s)
2026-05-24 04:11:36.989 | INFO     | src.logger:log_action:22 - [7b37adf7-46a4-4fb5-82d5-13aa4baa95c1] Génération Plan - ✅ SUCCESS (0.36s)
2026-05-24 04:11:43.902 | INFO     | src.logger:log_action:22 - [7b37adf7-46a4-4fb5-82d5-13aa4baa95c1] Exécution Polars - ✅ SUCCESS (0.91s)
2026-05-24 04:12:16.524 | INFO     | src.logger:log_action:22 - [7b37adf7-46a4-4fb5-82d5-13aa4baa95c1] Exécution Polars - ✅ SUCCESS (0.00s)
2026-05-24 04:17:32.009 | INFO     | src.logger:log_action:22 - [3fd9abef-fece-40c5-bc78-389f4310be25] Génération Plan - ✅ SUCCESS (0.21s)
2026-05-24 04:17:34.278 | INFO     | src.logger:log_action:22 - [3fd9abef-fece-40c5-bc78-389f4310be25] Exécution Polars - ✅ SUCCESS (0.02s)
2026-05-24 04:43:18.000 | INFO     | src.logger:log_action:22 - [b328c9e4-e936-4d55-8496-b7d7e364509e] Génération Plan - ❌ FAILED (4.01s)
2026-05-24 04:45:35.271 | INFO     | src.logger:log_action:22 - [566491f7-f1af-4a84-af42-9a46dc490c6b] Génération Plan - ✅ SUCCESS (0.52s)
2026-05-24 04:46:23.426 | INFO     | src.logger:log_action:22 - [566491f7-f1af-4a84-af42-9a46dc490c6b] Exécution Polars - ✅ SUCCESS (0.28s)
2026-05-24 05:07:29.921 | INFO     | src.logger:log_action:22 - [c8ec4486-850c-4ccf-896a-effee8aae512] Génération Plan - ✅ SUCCESS (0.57s)
2026-05-24 05:07:52.051 | INFO     | src.logger:log_action:22 - [c8ec4486-850c-4ccf-896a-effee8aae512] Exécution Polars - ✅ SUCCESS (0.00s)
2026-05-24 05:17:24.351 | INFO     | src.logger:log_action:22 - [8cc9cc61-92b9-4f48-b200-f2563b9ff9ee] Génération Plan - ✅ SUCCESS (0.80s)
2026-05-24 05:18:59.917 | INFO     | src.logger:log_action:22 - [8cc9cc61-92b9-4f48-b200-f2563b9ff9ee] Exécution Polars - ✅ SUCCESS (0.53s)
2026-05-24 09:16:56.264 | INFO     | src.logger:log_action:22 - [38e65ec1-cbe2-453a-bf2d-44b69257b399] Génération Plan - ✅ SUCCESS (3.20s)
2026-05-24 09:17:14.474 | INFO     | src.logger:log_action:22 - [38e65ec1-cbe2-453a-bf2d-44b69257b399] Exécution Polars - ✅ SUCCESS (0.69s)
2026-05-24 09:24:27.370 | INFO     | src.logger:log_action:22 - [42f0c4c5-487b-41cb-89de-8d406ff81163] Génération Plan - ✅ SUCCESS (0.60s)
2026-05-24 09:24:41.047 | INFO     | src.logger:log_action:22 - [42f0c4c5-487b-41cb-89de-8d406ff81163] Exécution Polars - ✅ SUCCESS (0.01s)
2026-05-24 09:27:35.717 | INFO     | src.logger:log_action:22 - [b4c4247c-d7e6-4ab9-93e6-ac282e782da6] Génération Plan - ✅ SUCCESS (0.60s)
2026-05-24 09:27:53.652 | INFO     | src.logger:log_action:22 - [b4c4247c-d7e6-4ab9-93e6-ac282e782da6] Exécution Polars - ✅ SUCCESS (0.01s)
2026-05-24 09:45:09.181 | INFO     | src.logger:log_action:22 - [71db2dab-1721-4e30-bd4b-ba33c57775d8] Génération Plan - ✅ SUCCESS (0.93s)
2026-05-24 09:48:32.944 | INFO     | src.logger:log_action:22 - [97935482-cf59-4cb7-97c0-cd277f7fbc70] Génération Plan - ✅ SUCCESS (0.66s)
2026-05-24 09:49:32.328 | INFO     | src.logger:log_action:22 - [97935482-cf59-4cb7-97c0-cd277f7fbc70] Exécution Polars - ✅ SUCCESS (0.02s)
2026-05-24 09:58:27.609 | INFO     | src.logger:log_action:22 - [c521b484-5fe6-4c60-b971-abc730f1f238] Génération Plan - ✅ SUCCESS (0.65s)
2026-05-24 10:01:35.364 | INFO     | src.logger:log_action:22 - [9cc9b319-4613-4496-8e7a-e50e9174ea6d] Génération Plan - ✅ SUCCESS (0.71s)
2026-05-24 10:01:47.987 | INFO     | src.logger:log_action:22 - [9cc9b319-4613-4496-8e7a-e50e9174ea6d] Exécution Polars - ✅ SUCCESS (0.01s)
